
- NASM Map file ---------------------------------------------------------------

Source file:  mainmenu.asm
Output file:  menu.com

-- Program origin -------------------------------------------------------------

00000100

-- Sections (summary) ---------------------------------------------------------

Vstart            Start             Stop              Length    Class     Name
             100               100              19BB  000018BB  progbits  .text
            19BC              19BC              6B6B  000051AF  progbits  .data
            6B6C              6B6C              6B6D  00000001  nobits    .bss

-- Sections (detailed) --------------------------------------------------------

---- Section .text ------------------------------------------------------------

class:     progbits
length:                18BB
start:                  100
align:     not defined
follows:   not defined
vstart:                 100
valign:    not defined
vfollows:  not defined

---- Section .data ------------------------------------------------------------

class:     progbits
length:                51AF
start:                 19BC
align:                    4
follows:   not defined
vstart:                19BC
valign:    not defined
vfollows:  not defined

---- Section .bss -------------------------------------------------------------

class:     nobits
length:                   1
start:                 6B6C
align:     not defined
follows:   not defined
vstart:                6B6C
valign:                   4
vfollows:  not defined

-- Symbols --------------------------------------------------------------------

---- Section .text ------------------------------------------------------------

Real              Virtual           Name
             100               100  main_menu
             106               106  initialize_part
             11A               11A  display_main_menu
             18C               18C  display_arrow_menu
             1AA               1AA  display_arrow_menu.execpt_back
             1AF               1AF  display_arrow_menu.execpt_front
             1B4               1B4  display_arrow_menu.set_arrow
             1CA               1CA  display_arrow_menu.display_arrow_wait
             1DE               1DE  display_arrow_menu.remove_arrow
             1F1               1F1  display_arrow_menu.add_arrow
             1F9               1F9  display_arrow_menu.sub_arrow
             201               201  display_arrow_menu.equal_arrow
             216               216  display_arrow_menu.wait_for_key
             22B               22B  print_string
             22B               22B  next_char
             234               234  end_string
             235               235  play_Choice
             238               238  display_score
             2A1               2A1  points
             2B7               2B7  five
             2CB               2CB  four
             2D9               2D9  three
             2E7               2E7  two
             2F5               2F5  one
             303               303  scoringDraw
             31E               31E  scoringDraw.draw_line
             32C               32C  pelletsPoints
             330               330  superPelletUpdate
             334               334  checkPelletNumber
             33F               33F  checkPelletNumber.end
             340               340  scoreFour
             394               394  scoreFour.printNumberZero
             39C               39C  scoreFour.printNumberOne
             3A4               3A4  scoreFour.printNumberTwo
             3AC               3AC  scoreFour.printNumberThree
             3B4               3B4  scoreFour.printNumberFour
             3BC               3BC  scoreFour.printNumberFive
             3C4               3C4  scoreFour.printNumberSix
             3CC               3CC  scoreFour.printNumberSeven
             3D4               3D4  scoreFour.printNumberEight
             3DC               3DC  scoreFour.printNumberNine
             3E4               3E4  scoreFour.end
             3F8               3F8  scoreFour.scoreThree
             41B               41B  scoreThree
             468               468  scoreThree.printNumberOne
             470               470  scoreThree.printNumberTwo
             478               478  scoreThree.printNumberThree
             480               480  scoreThree.printNumberFour
             488               488  scoreThree.printNumberFive
             490               490  scoreThree.printNumberSix
             498               498  scoreThree.printNumberSeven
             4A0               4A0  scoreThree.printNumberEight
             4A8               4A8  scoreThree.printNumberNine
             4B0               4B0  scoreThree.end
             4C4               4C4  scoreThree.scoreTwo
             4E7               4E7  scoreTwo
             534               534  scoreTwo.printNumberOne
             53C               53C  scoreTwo.printNumberTwo
             544               544  scoreTwo.printNumberThree
             54C               54C  scoreTwo.printNumberFour
             554               554  scoreTwo.printNumberFive
             55C               55C  scoreTwo.printNumberSix
             564               564  scoreTwo.printNumberSeven
             56C               56C  scoreTwo.printNumberEight
             574               574  scoreTwo.printNumberNine
             57C               57C  scoreTwo.end
             590               590  scoreTwo.scoreOne
             5B3               5B3  scoreOne
             5F7               5F7  scoreOne.printNumberOne
             5FF               5FF  scoreOne.printNumberTwo
             607               607  scoreOne.printNumberThree
             60F               60F  scoreOne.printNumberFour
             617               617  scoreOne.printNumberFive
             61F               61F  scoreOne.printNumberSix
             627               627  scoreOne.printNumberSeven
             62F               62F  scoreOne.printNumberEight
             637               637  scoreOne.printNumberNine
             63F               63F  scoreOne.end
             653               653  scoreFourSP
             69E               69E  scoreFourSP.printNumberThreeSP
             6A6               6A6  scoreFourSP.printNumberFourSP
             6AE               6AE  scoreFourSP.printNumberFiveSP
             6B6               6B6  scoreFourSP.printNumberSixSP
             6BE               6BE  scoreFourSP.printNumberSevenSP
             6C6               6C6  scoreFourSP.printNumberEightSP
             6CE               6CE  scoreFourSP.printNumberNineSP
             6D6               6D6  scoreFourSP.printNumberZeroSP
             6E4               6E4  scoreFourSP.printNumberOneSP
             6F2               6F2  scoreFourSP.printNumberTwoSP
             700               700  scoreFourSP.end
             714               714  scoreFourSP.nextLevel
             72B               72B  scoreThreeSP
             778               778  scoreThreeSP.printNumberFourSP
             780               780  scoreThreeSP.printNumberFiveSP
             788               788  scoreThreeSP.printNumberSixSP
             790               790  scoreThreeSP.printNumberSevenSP
             798               798  scoreThreeSP.printNumberEightSP
             7A0               7A0  scoreThreeSP.printNumberNineSP
             7A8               7A8  scoreThreeSP.printNumberZeroSP
             7B6               7B6  scoreThreeSP.printNumberOneSP
             7C4               7C4  scoreThreeSP.printNumberTwoSP
             7D2               7D2  scoreThreeSP.printNumberThreeSP
             7E0               7E0  scoreThreeSP.end
             7F4               7F4  scoreThreeSP.nextLevelSP
             808               808  drawNumbersGG
             84E               84E  drawNumbersGG.numberFiveDrawZero
             856               856  drawNumbersGG.numberFiveDrawOne
             85E               85E  drawNumbersGG.numberFiveDrawTwo
             866               866  drawNumbersGG.numberFiveDrawThree
             86E               86E  drawNumbersGG.numberFiveDrawFour
             876               876  drawNumbersGG.numberFiveDrawFive
             87E               87E  drawNumbersGG.numberFiveDrawSix
             886               886  drawNumbersGG.numberFiveDrawSeven
             88E               88E  drawNumbersGG.numberFiveDrawEight
             896               896  drawNumbersGG.numberFiveDrawNine
             89E               89E  drawNumbersGG.beforeNumberFour
             8F7               8F7  drawNumbersGG.numberFourDrawZero
             8FF               8FF  drawNumbersGG.numberFourDrawOne
             907               907  drawNumbersGG.numberFourDrawTwo
             90F               90F  drawNumbersGG.numberFourDrawThree
             917               917  drawNumbersGG.numberFourDrawFour
             91F               91F  drawNumbersGG.numberFourDrawFive
             927               927  drawNumbersGG.numberFourDrawSix
             92F               92F  drawNumbersGG.numberFourDrawSeven
             937               937  drawNumbersGG.numberFourDrawEight
             93F               93F  drawNumbersGG.numberFourDrawNine
             947               947  drawNumbersGG.beforeNumberThree
             9A0               9A0  drawNumbersGG.numberThreeDrawZero
             9A8               9A8  drawNumbersGG.numberThreeDrawOne
             9B0               9B0  drawNumbersGG.numberThreeDrawTwo
             9B8               9B8  drawNumbersGG.numberThreeDrawThree
             9C0               9C0  drawNumbersGG.numberThreeDrawFour
             9C8               9C8  drawNumbersGG.numberThreeDrawFive
             9D0               9D0  drawNumbersGG.numberThreeDrawSix
             9D8               9D8  drawNumbersGG.numberThreeDrawSeven
             9E0               9E0  drawNumbersGG.numberThreeDrawEight
             9E8               9E8  drawNumbersGG.numberThreeDrawNine
             9F0               9F0  drawNumbersGG.beforeNumberTwo
             A49               A49  drawNumbersGG.numberTwoDrawZero
             A51               A51  drawNumbersGG.numberTwoDrawOne
             A59               A59  drawNumbersGG.numberTwoDrawTwo
             A61               A61  drawNumbersGG.numberTwoDrawThree
             A69               A69  drawNumbersGG.numberTwoDrawFour
             A71               A71  drawNumbersGG.numberTwoDrawFive
             A79               A79  drawNumbersGG.numberTwoDrawSix
             A81               A81  drawNumbersGG.numberTwoDrawSeven
             A89               A89  drawNumbersGG.numberTwoDrawEight
             A91               A91  drawNumbersGG.numberTwoDrawNine
             A99               A99  drawNumbersGG.beforeNumberOne
             AF2               AF2  drawNumbersGG.numberOneDrawZero
             AFA               AFA  drawNumbersGG.numberOneDrawOne
             B02               B02  drawNumbersGG.numberOneDrawTwo
             B0A               B0A  drawNumbersGG.numberOneDrawThree
             B12               B12  drawNumbersGG.numberOneDrawFour
             B1A               B1A  drawNumbersGG.numberOneDrawFive
             B22               B22  drawNumbersGG.numberOneDrawSix
             B2A               B2A  drawNumbersGG.numberOneDrawSeven
             B32               B32  drawNumbersGG.numberOneDrawEight
             B3A               B3A  drawNumbersGG.numberOneDrawNine
             B42               B42  drawNumbersGG.end
             B56               B56  displayEndScore
             C47               C47  resetMapPellet
             C58               C58  start_game
             C70               C70  gameloop
             CBB               CBB  waitloop
             CC9               CC9  clearScreen
             CD9               CD9  SetSpawnPosition
             D1C               D1C  check_number_lives
             D26               D26  check_number_lives.deathf
             D2A               D2A  check_number_lives.return
             D2B               D2B  clearSprite
             D40               D40  clearSprite.clear_line
             D50               D50  death
             D7C               D7C  death.pacmanZ
             D8B               D8B  death.pacmanA
             D9A               D9A  death.pacmanB
             DA9               DA9  death.pacmanC
             DB8               DB8  death.pacmanD
             DC7               DC7  death.pacmanE
             DD7               DD7  death.pacmanF
             DE7               DE7  read_character_key_was_pressed
             E13               E13  read_character_key_was_pressed.update_keystroke
             E19               E19  pause
             E24               E24  pause.update_pause
             E26               E26  continue_movement
             E3D               E3D  move_right
             E57               E57  move_right.skip_move_right
             E5C               E5C  move_left
             E76               E76  move_left.skip_move_left
             E7B               E7B  move_up
             E95               E95  move_up.skip_move_up
             E9A               E9A  move_down
             EB4               EB4  move_down.skip_move_down
             EB9               EB9  pacman_Right
             ED1               ED1  pacman_Right.pacmanRightOpen
             EDC               EDC  pacman_Right.pacmanRightSemiOpen
             EE7               EE7  pacman_Right.pacmanRightClose
             EF2               EF2  pacman_Left
             F0A               F0A  pacman_Left.pacmanLeftOpen
             F15               F15  pacman_Left.pacmanLeftSemiOpen
             F20               F20  pacman_Left.pacmanLeftClose
             F2B               F2B  pacman_Up
             F43               F43  pacman_Up.pacmanUpOpen
             F4E               F4E  pacman_Up.pacmanUpSemiOpen
             F59               F59  pacman_Up.pacmanUpClose
             F64               F64  pacman_Down
             F7C               F7C  pacman_Down.pacmanDownOpen
             F87               F87  pacman_Down.pacmanDownSemiOpen
             F92               F92  pacman_Down.pacmanDownClose
             F9D               F9D  display_lives
             FBC               FBC  check_lives
             FD3               FD3  check_lives.flives
             FDD               FDD  check_lives.thlives
             FE7               FE7  check_lives.tlives
             FF1               FF1  check_lives.olives
             FF6               FF6  draw_lives
            101B              101B  draw_lives.draw_line
            1029              1029  clear_life
            103E              103E  clear_life.clear_line
            104E              104E  draw_sprite
            1073              1073  draw_sprite.draw_line
            1081              1081  drawWalls
            1084              1084  drawWalls.eachLine
            1095              1095  nextColumn
            10A6              10A6  nextRow
            10C6              10C6  Maze
            10CC              10CC  wallchoice
            121F              121F  drawEmpty
            1228              1228  DrawEXT_ANGLE_TL
            1231              1231  DrawEXT_ANGLE_TR
            123A              123A  DrawEXT_BORDER_STRAIT_UP
            1243              1243  DrawEXT_BORDER_STRAIT_DOWN
            124C              124C  DrawTRIANGLE_RIGHT
            1255              1255  DrawEXT_BORDER_SQUARE_TL
            125E              125E  DrawEXT_BORDER_SQUARE_TR
            1267              1267  DrawEXT_BORDER_CIRCLE_TL
            1270              1270  DrawEXT_BORDER_CIRCLE_TR
            1279              1279  DrawINT_GHOST_SPAWN_TL
            1282              1282  DrawINT_GHOST_SPAWN_MIDDLE_TOP
            128B              128B  DrawINT_GHOST_SPAWN_TR
            1294              1294  DrawEXT_ANGLE_BL
            129D              129D  DrawEXT_ANGLE_BR
            12A6              12A6  DrawEXT_BORDER_STRAIT_LEFT
            12AF              12AF  DrawEXT_BORDER_STRAIT_RIGHT
            12B8              12B8  DrawTRIANGLE_LEFT
            12C1              12C1  DrawEXT_BORDER_SQUARE_BL
            12CA              12CA  DrawEXT_BORDER_SQUARE_BR
            12D3              12D3  DrawEXT_BORDER_CIRCLE_BL
            12DC              12DC  DrawEXT_BORDER_CIRCLE_BR
            12E5              12E5  DrawINT_GHOST_SPAWN_BL
            12EE              12EE  DrawINT_GHOST_SPAWN_MIDDLE_DOWN
            12F7              12F7  DrawINT_GHOST_SPAWN_BR
            1300              1300  DrawINT_BIG_RECTANGLE_TL
            1309              1309  DrawINT_BIG_RECTANGLE_MIDDLE_TOP
            1312              1312  DrawINT_BIG_RECTANGLE_TR
            131B              131B  DrawINT_SLIM_HORI_LEFT
            1324              1324  DrawINT_SLIM_HORI_MIDDLE
            132D              132D  DrawINT_SLIM_HORI_RIGHT
            1336              1336  DrawINT_ANGLE_TL
            133F              133F  DrawINT_ANGLE_TR
            1348              1348  DrawINT_BIG_CORNER_TL
            1351              1351  DrawINT_BIG_CORNER_TR
            135A              135A  DrawINT_GHOST_OUT_LEFT
            1363              1363  DrawINT_GHOST_OUT_RIGHT
            136C              136C  DrawINT_BIG_RECTANGLE_BL
            1375              1375  DrawINT_BIG_RECTANGLE_MIDDLE_DOWN
            137E              137E  DrawINT_BIG_RECTANGLE_BR
            1387              1387  DrawINT_SLIM_VERTI_UP
            1390              1390  DrawINT_SLIM_VERTI_MIDDLE
            1399              1399  DrawINT_SLIM_VERTI_DOWN
            13A2              13A2  DrawINT_ANGLE_BL
            13AB              13AB  DrawINT_ANGLE_BR
            13B4              13B4  DrawINT_BIG_CORNER_BL
            13BD              13BD  DrawINT_BIG_CORNER_BR
            13C6              13C6  DrawINT_BIG_RECTANGLE_MIDDLE_LEFT
            13CF              13CF  DrawINT_BIG_RECTANGLE_MIDDLE_RIGHT
            13D8              13D8  DrawTRIANGLE_UP
            13E1              13E1  DrawINT_GHOST_SPAWN_STRAIT_LEFT
            13EA              13EA  DrawINT_GHOST_SPAWN_STRAIT_RIGHT
            13F3              13F3  DrawEXT_TRIANGLE_LEFT
            13FC              13FC  DrawEXT_TRIANGLE_RIGHT
            1405              1405  Draw_PELLET
            140E              140E  Draw_SUPER_PELLET
            1417              1417  direction_ghost
            1423              1423  clearGhostB
            1438              1438  clearGhostB.clear_line
            1448              1448  clearGhostI
            145D              145D  clearGhostI.clear_line
            146D              146D  clearGhostC
            1482              1482  clearGhostC.clear_line
            1492              1492  clearGhostP
            14A7              14A7  clearGhostP.clear_line
            14B7              14B7  continue_movementB
            14CB              14CB  move_rightB
            14D2              14D2  move_leftB
            14D9              14D9  move_upB
            14DD              14DD  move_downB
            14E1              14E1  blinky_right
            14F9              14F9  blinky_right.blinkyRightOpen
            1504              1504  blinky_right.blinkyRightSemiOpen
            150F              150F  blinky_right.blinkyRightClose
            151A              151A  blinky_left
            1532              1532  blinky_left.blinkyLeftOpen
            153D              153D  blinky_left.blinkyLeftSemiOpen
            1548              1548  blinky_left.blinkyLeftClose
            1553              1553  blinky_up
            156B              156B  blinky_up.blinkyUpOpen
            1576              1576  blinky_up.blinkyUpSemiOpen
            1581              1581  blinky_up.blinkyUpClose
            158C              158C  blinky_down
            15A4              15A4  blinky_down.blinkyDownOpen
            15AF              15AF  blinky_down.blinkyDownSemiOpen
            15BA              15BA  blinky_down.blinkyDownClose
            15C5              15C5  continue_movementI
            15D9              15D9  move_rightI
            15E0              15E0  move_leftI
            15E7              15E7  move_upI
            15EB              15EB  move_downI
            15EF              15EF  inky_right
            1607              1607  inky_right.inkyRightOpen
            1612              1612  inky_right.inkyRightSemiOpen
            161D              161D  inky_right.inkyRightClose
            1628              1628  inky_left
            1640              1640  inky_left.inkyLeftOpen
            164B              164B  inky_left.inkyLeftSemiOpen
            1656              1656  inky_left.inkyLeftClose
            1661              1661  inky_up
            1679              1679  inky_up.inkyUpOpen
            1684              1684  inky_up.inkyUpSemiOpen
            168F              168F  inky_up.inkyUpClose
            169A              169A  inky_down
            16B2              16B2  inky_down.inkyDownOpen
            16BD              16BD  inky_down.inkyDownSemiOpen
            16C8              16C8  inky_down.inkyDownClose
            16D3              16D3  continue_movementC
            16E7              16E7  move_rightC
            16EE              16EE  move_leftC
            16F5              16F5  move_upC
            16F9              16F9  move_downC
            16FD              16FD  clyde_right
            1715              1715  clyde_right.clydeRightOpen
            1720              1720  clyde_right.clydeRightSemiOpen
            172B              172B  clyde_right.clydeRightClose
            1736              1736  clyde_left
            174E              174E  clyde_left.clydeLeftOpen
            1759              1759  clyde_left.clydeLeftSemiOpen
            1764              1764  clyde_left.clydeLeftClose
            176F              176F  clyde_up
            1787              1787  clyde_up.clydeUpOpen
            1792              1792  clyde_up.clydeUpSemiOpen
            179D              179D  clyde_up.clydeUpClose
            17A8              17A8  clyde_down
            17C0              17C0  clyde_down.clydeDownOpen
            17CB              17CB  clyde_down.clydeDownSemiOpen
            17D6              17D6  clyde_down.clydeDownClose
            17E1              17E1  continue_movementP
            17F5              17F5  move_rightP
            17FC              17FC  move_leftP
            1803              1803  move_upP
            1807              1807  move_downP
            180B              180B  pinky_right
            1823              1823  pinky_right.pinkyRightOpen
            182E              182E  pinky_right.pinkyRightSemiOpen
            1839              1839  pinky_right.pinkyRightClose
            1844              1844  pinky_left
            185C              185C  pinky_left.pinkyLeftOpen
            1867              1867  pinky_left.pinkyLeftSemiOpen
            1872              1872  pinky_left.pinkyLeftClose
            187D              187D  pinky_up
            1895              1895  pinky_up.pinkyUpOpen
            18A0              18A0  pinky_up.pinkyUpSemiOpen
            18AB              18AB  pinky_up.pinkyUpClose
            18B6              18B6  pinky_down
            18CE              18CE  pinky_down.pinkyDownOpen
            18D9              18D9  pinky_down.pinkyDownSemiOpen
            18E4              18E4  pinky_down.pinkyDownClose
            18EF              18EF  draw_blinky
            1914              1914  draw_blinky.draw_line
            1922              1922  draw_inky
            1947              1947  draw_inky.draw_line
            1955              1955  draw_clyde
            197A              197A  draw_clyde.draw_line
            1988              1988  draw_pinky
            19AD              19AD  draw_pinky.draw_line

---- Section .data ------------------------------------------------------------

Real              Virtual           Name
            19BC              19BC  mainWelcome
            19D1              19D1  playChoice
            19D8              19D8  settingsChoice
            19E3              19E3  exitChoice
            19EA              19EA  arrow
            19EF              19EF  delArrow
            19F4              19F4  copyrights1
            1A42              1A42  copyrights2
            1A8A              1A8A  mainSettings
            1AA1              1AA1  musicSetting
            1AA6              1AA6  musicDot
            1AC9              1AC9  soundSetting
            1AD5              1AD5  soundDot
            1AF1              1AF1  skinsSetting
            1AF6              1AF6  skinsDot
            1B19              1B19  keybindSetting
            1B26              1B26  backButton
            1B2D              1B2D  onOption
            1B32              1B32  del
            1B38              1B38  offOption
            1B3E              1B3E  settings_menu
            1BBA              1BBA  setOnValue
            1BDF              1BDF  setOffValue
            1C04              1C04  editValue
            1C09              1C09  removeValue
            1C1C              1C1C  display_arrow_option
            1C44              1C44  display_arrow_option.execpt_back
            1C49              1C49  display_arrow_option.execpt_front
            1C4E              1C4E  display_arrow_option.set_arrow
            1C64              1C64  display_arrow_option.display_arrow_wait
            1C78              1C78  display_arrow_option.remove_arrow
            1C8B              1C8B  display_arrow_option.add_arrow
            1C93              1C93  display_arrow_option.sub_arrow
            1C9B              1C9B  display_arrow_option.equal_arrow
            1CB2              1CB2  display_arrow_option.wait_for_key
            1CC7              1CC7  exit_menu
            1CCD              1CCD  done
            1CD4              1CD4  blinky_up_1
            1D14              1D14  blinky_up_2
            1D54              1D54  blinky_up_3
            1D94              1D94  blinky_left_1
            1DD4              1DD4  blinky_left_2
            1E14              1E14  blinky_left_3
            1E54              1E54  blinky_right_1
            1E94              1E94  blinky_right_2
            1ED4              1ED4  blinky_right_3
            1F14              1F14  blinky_down_1
            1F54              1F54  blinky_down_2
            1F94              1F94  blinky_down_3
            1FD4              1FD4  inky_up_1
            2014              2014  inky_up_2
            2054              2054  inky_up_3
            2094              2094  inky_left_1
            20D4              20D4  inky_left_2
            2114              2114  inky_left_3
            2154              2154  inky_right_1
            2194              2194  inky_right_2
            21D4              21D4  inky_right_3
            2214              2214  inky_down_1
            2254              2254  inky_down_2
            2294              2294  inky_down_3
            22D4              22D4  clyde_up_1
            2314              2314  clyde_up_2
            2354              2354  clyde_up_3
            2394              2394  clyde_left_1
            23D4              23D4  clyde_left_2
            2414              2414  clyde_left_3
            2454              2454  clyde_right_1
            2494              2494  clyde_right_2
            24D4              24D4  clyde_right_3
            2514              2514  clyde_down_1
            2554              2554  clyde_down_2
            2594              2594  clyde_down_3
            25D4              25D4  pinky_up_1
            2614              2614  pinky_up_2
            2654              2654  pinky_up_3
            2694              2694  pinky_left_1
            26D4              26D4  pinky_left_2
            2714              2714  pinky_left_3
            2754              2754  pinky_right_1
            2794              2794  pinky_right_2
            27D4              27D4  pinky_right_3
            2814              2814  pinky_down_1
            2854              2854  pinky_down_2
            2894              2894  pinky_down_3
            28D4              28D4  transform_ghost_1
            2914              2914  transform_ghost_2
            2954              2954  transform_ghost_3
            2994              2994  transform_ghost_4
            29D4              29D4  eatable_up_1
            2A14              2A14  eatable_up_2
            2A54              2A54  eatable_left_1
            2A94              2A94  eatable_left_2
            2AD4              2AD4  eatable_right_1
            2B14              2B14  eatable_right_2
            2B54              2B54  eatable_down_1
            2B94              2B94  eatable_down_2
            2BD4              2BD4  pacman_right_1
            2C14              2C14  pacman_right_2
            2C54              2C54  pacman_right_3
            2C94              2C94  pacman_left_1
            2CD4              2CD4  pacman_left_2
            2D14              2D14  pacman_left_3
            2D54              2D54  pacman_down_1
            2D94              2D94  pacman_down_2
            2DD4              2DD4  pacman_down_3
            2E14              2E14  pacman_up_1
            2E54              2E54  pacman_up_2
            2E94              2E94  pacman_up_3
            2ED4              2ED4  pacman1_death_1
            2F14              2F14  pacman1_death_2
            2F54              2F54  pacman1_death_3
            2F94              2F94  pacman1_death_4
            2FD4              2FD4  pacman1_death_5
            3014              3014  pacman1_death_6
            3054              3054  power_pellet
            3094              3094  pellet
            30D4              30D4  cherry
            3114              3114  strawberry
            3154              3154  apple
            3194              3194  bell
            31D4              31D4  ship
            3214              3214  key
            3254              3254  kiwi
            3294              3294  watermelon
            32D4              32D4  banana
            3314              3314  ext_angle_tl
            3354              3354  ext_angle_bl
            3394              3394  ext_border_strait_left
            33D4              33D4  ext_border_strait_right
            3414              3414  ext_border_square_tl
            3454              3454  ext_border_square_bl
            3494              3494  ext_border_circle_tl
            34D4              34D4  ext_border_circle_bl
            3514              3514  int_ghost_spawn_tl
            3554              3554  int_ghost_spawn_bl
            3594              3594  ext_angle_tr
            35D4              35D4  ext_angle_br
            3614              3614  ext_border_strait_up
            3654              3654  ext_border_strait_down
            3694              3694  triangle_up
            36D4              36D4  ext_border_square_tr
            3714              3714  ext_border_square_br
            3754              3754  ext_border_circle_tr
            3794              3794  ext_border_circle_br
            37D4              37D4  int_ghost_spawn_tr
            3814              3814  int_ghost_spawn_br
            3854              3854  int_ghost_spawn_middle_top
            3894              3894  int_ghost_spawn_middle_down
            38D4              38D4  int_big_rectangle_tl
            3914              3914  int_big_rectangle_middle_left
            3954              3954  int_big_rectangle_bl
            3994              3994  int_slim_verti_up
            39D4              39D4  int_slim_verti_middle
            3A14              3A14  int_slim_verti_down
            3A54              3A54  int_angle_tl
            3A94              3A94  int_angle_bl
            3AD4              3AD4  triangle_left
            3B14              3B14  triangle_right
            3B54              3B54  int_ghost_out_left
            3B94              3B94  int_ghost_out_right
            3BD4              3BD4  int_big_rectangle_tr
            3C14              3C14  int_big_rectangle_middle_right
            3C54              3C54  int_big_rectangle_br
            3C94              3C94  int_slim_hori_left
            3CD4              3CD4  int_slim_hori_middle
            3D14              3D14  int_slim_hori_right
            3D54              3D54  int_angle_tr
            3D94              3D94  int_angle_br
            3DD4              3DD4  int_big_rectangle_middle_top
            3E14              3E14  int_big_rectangle_middle_down
            3E54              3E54  int_big_corner_br
            3E94              3E94  int_big_corner_bl
            3ED4              3ED4  int_big_corner_tl
            3F14              3F14  int_big_corner_tr
            3F54              3F54  int_ghost_spawn_strait_left
            3F94              3F94  int_ghost_spawn_strait_right
            3FD4              3FD4  ext_triangle_left
            4014              4014  ext_triangle_right
            4054              4054  empty
            4094              4094  number1
            40D4              40D4  number2
            4114              4114  number3
            4154              4154  number4
            4194              4194  number5
            41D4              41D4  number6
            4214              4214  number7
            4254              4254  number8
            4294              4294  number9
            42D4              42D4  number0
            4314              4314  alphabetA
            4354              4354  alphabetB
            4394              4394  alphabetC
            43D4              43D4  alphabetD
            4414              4414  alphabetE
            4454              4454  alphabetF
            4494              4494  alphabetG
            44D4              44D4  alphabetH
            4514              4514  alphabetI
            4554              4554  alphabetJ
            4594              4594  alphabetK
            45D4              45D4  alphabetL
            4614              4614  alphabetM
            4654              4654  alphabetN
            4694              4694  alphabetO
            46D4              46D4  alphabetP
            4714              4714  alphabetQ
            4754              4754  alphabetR
            4794              4794  alphabetS
            47D4              47D4  alphabetT
            4814              4814  alphabetU
            4854              4854  alphabetV
            4894              4894  alphabetW
            48D4              48D4  alphabetX
            4914              4914  alphabetY
            4954              4954  alphabetZ
            4994              4994  xPos
            4996              4996  xVelocity
            4998              4998  yPos
            499A              499A  old_XPOS
            499C              499C  old_YPOS
            499E              499E  xPosSpawn
            49A0              49A0  yPosSpawn
            49A2              49A2  currentSprite
            49A6              49A6  xPoslives
            49A8              49A8  yPoslives
            49AA              49AA  old_XPOSlives
            49AC              49AC  old_YPOSlives
            49AE              49AE  lives_sprite
            49B2              49B2  actualKeystroke
            49B4              49B4  waitingKeystroke
            49B6              49B6  framerate
            49B7              49B7  gameStart
            49B8              49B8  lives
            49B9              49B9  mazeSprite
            4B9D              4B9D  Column
            4B9F              4B9F  Row
            4BA1              4BA1  PixelPerTileRow
            4BA3              4BA3  current_score
            4BA5              4BA5  point_pellet
            4BA7              4BA7  point_super_pellet
            4BA9              4BA9  point_ghost_
            4BAB              4BAB  point_cherry
            4BAD              4BAD  point_strawberry
            4BAF              4BAF  point_orange
            4BB1              4BB1  point_apple
            4BB3              4BB3  point_melon
            4BB5              4BB5  point_ship
            4BB7              4BB7  point_bell
            4BB9              4BB9  point_key
            4BBB              4BBB  scoreCurrentSprite
            4BBD              4BBD  scoreFiveRecord
            4BBF              4BBF  scoreFourRecord
            4BC1              4BC1  scoreThreeRecord
            4BC3              4BC3  scoreTwoRecord
            4BC5              4BC5  scoreOneRecord
            4BC7              4BC7  pelletsNumbers
            4BC8              4BC8  yScorePos
            4BCA              4BCA  xScorePos
            4BCC              4BCC  xPosBlinky
            4BCE              4BCE  xPosInky
            4BD0              4BD0  xPosClyde
            4BD2              4BD2  xPosPinky
            4BD4              4BD4  yPosBlinky
            4BD6              4BD6  yPosInky
            4BD8              4BD8  yPosClyde
            4BDA              4BDA  yPosPinky
            4BDC              4BDC  xGVelocity
            4BDE              4BDE  spriteBw
            4BE0              4BE0  spriteBh
            4BE2              4BE2  old_XPOSBlinky
            4BE4              4BE4  old_XPOSInky
            4BE6              4BE6  old_XPOSClyde
            4BE8              4BE8  old_XPOSPinky
            4BEA              4BEA  old_YPOSBlinky
            4BEC              4BEC  old_YPOSInky
            4BEE              4BEE  old_YPOSClyde
            4BF0              4BF0  old_YPOSPinky
            4BF2              4BF2  currentSpriteBlinky
            4BF6              4BF6  currentSpriteInky
            4BFA              4BFA  currentSpriteClyde
            4BFE              4BFE  currentSpritePinky
            4C02              4C02  actualBDirection
            4C04              4C04  actualIDirection
            4C06              4C06  actualCDirection
            4C08              4C08  actualPDirection
            4C0A              4C0A  xPosSpawnBlinky
            4C0C              4C0C  xPosSpawnInky
            4C0E              4C0E  xPosSpawnClyde
            4C10              4C10  xPosSpawnPinky
            4C12              4C12  yPosSpawnBlinky
            4C14              4C14  yPosSpawnInky
            4C16              4C16  yPosSpawnClyde
            4C18              4C18  yPosSpawnPinky
            4C1A              4C1A  detectCollision
            4C1B              4C1B  hitPacMan
            4C1C              4C1C  check_detection_walls
            4C3A              4C3A  check_detection_walls.collision
            4C40              4C40  check_detection_pacman
            4C55              4C55  check_detection_pacman.collision
            4C61              4C61  check_detection_pellets_right
            4C88              4C88  no_collisionP_right
            4C89              4C89  erase_pellet_right
            4C9A              4C9A  check_detection_pellets_left
            4CC1              4CC1  no_collisionP_left
            4CC2              4CC2  erase_pellet_left
            4CD3              4CD3  check_detection_pellets_up
            4CF9              4CF9  no_collisionP_up
            4CFA              4CFA  erase_pellet_up
            4D0D              4D0D  check_detection_pellets_down
            4D33              4D33  no_collisionP_down
            4D34              4D34  erase_pellet_down
            4D47              4D47  collisionP
            4D52              4D52  collisionSP
            4D56              4D56  check_detection_SuperPellets_right
            4D78              4D78  check_detection_SuperPellets_left
            4D9A              4D9A  check_detection_SuperPellets_up
            4DC1              4DC1  no_collisionSP_up
            4DC2              4DC2  erase_super_pellet_up
            4E12              4E12  check_detection_SuperPellets_down
            4E3A              4E3A  no_collisionSP_down
            4E3B              4E3B  erase_super_pellet_down
            4E78              4E78  check_collision_pacman
            4E9B              4E9B  check_right_pac
            4E9B              4E9B  check_right_pac.check_right_pac_0
            4EB0              4EB0  check_right_pac.check_right_pac_1
            4EC8              4EC8  check_right_pac.check_right_pac_2
            4EE0              4EE0  check_right_pac.check_right_pac_3
            4EF8              4EF8  check_right_pac.check_right_pac_4
            4F10              4F10  check_right_pac.check_right_pac_5
            4F28              4F28  check_right_pac.check_right_pac_6
            4F40              4F40  check_right_pac.check_right_pac_7
            4F58              4F58  check_right_pac.check_right_pac_over
            4F64              4F64  check_left_pac
            4F64              4F64  check_left_pac.check_left_pac_0
            4F79              4F79  check_left_pac.check_left_pac_1
            4F91              4F91  check_left_pac.check_left_pac_2
            4FA9              4FA9  check_left_pac.check_left_pac_3
            4FC1              4FC1  check_left_pac.check_left_pac_4
            4FD9              4FD9  check_left_pac.check_left_pac_5
            4FF1              4FF1  check_left_pac.check_left_pac_6
            5009              5009  check_left_pac.check_left_pac_7
            5021              5021  check_left_pac.check_left_pac_over
            502D              502D  check_up_pac
            502D              502D  check_up_pac.check_up_pac_0
            5042              5042  check_up_pac.check_up_pac_1
            505A              505A  check_up_pac.check_up_pac_2
            5072              5072  check_up_pac.check_up_pac_3
            508A              508A  check_up_pac.check_up_pac_4
            50A2              50A2  check_up_pac.check_up_pac_5
            50BA              50BA  check_up_pac.check_up_pac_6
            50D2              50D2  check_up_pac.check_up_pac_7
            50EA              50EA  check_up_pac.check_up_pac_over
            50F6              50F6  check_down_pac
            50F6              50F6  check_down_pac.check_down_pac_0
            510B              510B  check_down_pac.check_down_pac_1
            5123              5123  check_down_pac.check_down_pac_2
            513B              513B  check_down_pac.check_down_pac_3
            5153              5153  check_down_pac.check_down_pac_4
            516B              516B  check_down_pac.check_down_pac_5
            5183              5183  check_down_pac.check_down_pac_6
            519B              519B  check_down_pac.check_down_pac_7
            51B3              51B3  check_down_pac.check_down_pac_over
            51BF              51BF  check_collision_ghost_Blinky
            51E2              51E2  check_right_blinky
            51E2              51E2  check_right_blinky.check_right_blinky_0
            51F7              51F7  check_right_blinky.check_right_blinky_1
            520F              520F  check_right_blinky.check_right_blinky_2
            5227              5227  check_right_blinky.check_right_blinky_3
            523F              523F  check_right_blinky.check_right_blinky_4
            5257              5257  check_right_blinky.check_right_blinky_5
            526F              526F  check_right_blinky.check_right_blinky_6
            5287              5287  check_right_blinky.check_right_blinky_7
            529F              529F  check_right_blinky.check_right_blinky_over
            52AB              52AB  check_left_blinky
            52AB              52AB  check_left_blinky.check_left_blinky_0
            52C0              52C0  check_left_blinky.check_left_blinky_1
            52D8              52D8  check_left_blinky.check_left_blinky_2
            52F0              52F0  check_left_blinky.check_left_blinky_3
            5308              5308  check_left_blinky.check_left_blinky_4
            5320              5320  check_left_blinky.check_left_blinky_5
            5338              5338  check_left_blinky.check_left_blinky_6
            5350              5350  check_left_blinky.check_left_blinky_7
            5368              5368  check_left_blinky.check_left_blinky_over
            5374              5374  check_up_blinky
            5374              5374  check_up_blinky.check_up_blinky_0
            5389              5389  check_up_blinky.check_up_blinky_1
            53A1              53A1  check_up_blinky.check_up_blinky_2
            53B9              53B9  check_up_blinky.check_up_blinky_3
            53D1              53D1  check_up_blinky.check_up_blinky_4
            53E9              53E9  check_up_blinky.check_up_blinky_5
            5401              5401  check_up_blinky.check_up_blinky_6
            5419              5419  check_up_blinky.check_up_blinky_7
            5431              5431  check_up_blinky.check_up_blinky_over
            543D              543D  check_down_blinky
            543D              543D  check_down_blinky.check_down_blinky_0
            5452              5452  check_down_blinky.check_down_blinky_1
            546A              546A  check_down_blinky.check_down_blinky_2
            5482              5482  check_down_blinky.check_down_blinky_3
            549A              549A  check_down_blinky.check_down_blinky_4
            54B2              54B2  check_down_blinky.check_down_blinky_5
            54CA              54CA  check_down_blinky.check_down_blinky_6
            54E2              54E2  check_down_blinky.check_down_blinky_7
            54FA              54FA  check_down_blinky.check_down_blinky_over
            5506              5506  check_collision_ghost_Inky
            5529              5529  check_right_inky
            5529              5529  check_right_inky.check_right_inky_0
            553E              553E  check_right_inky.check_right_inky_1
            5556              5556  check_right_inky.check_right_inky_2
            556E              556E  check_right_inky.check_right_inky_3
            5586              5586  check_right_inky.check_right_inky_4
            559E              559E  check_right_inky.check_right_inky_5
            55B6              55B6  check_right_inky.check_right_inky_6
            55CE              55CE  check_right_inky.check_right_inky_7
            55E6              55E6  check_right_inky.check_right_inky_over
            55F2              55F2  check_left_inky
            55F2              55F2  check_left_inky.check_left_inky_0
            5607              5607  check_left_inky.check_left_inky_1
            561F              561F  check_left_inky.check_left_inky_2
            5637              5637  check_left_inky.check_left_inky_3
            564F              564F  check_left_inky.check_left_inky_4
            5667              5667  check_left_inky.check_left_inky_5
            567F              567F  check_left_inky.check_left_inky_6
            5697              5697  check_left_inky.check_left_inky_7
            56AF              56AF  check_left_inky.check_left_inky_over
            56BB              56BB  check_up_inky
            56BB              56BB  check_up_inky.check_up_inky_0
            56D0              56D0  check_up_inky.check_up_inky_1
            56E8              56E8  check_up_inky.check_up_inky_2
            5700              5700  check_up_inky.check_up_inky_3
            5718              5718  check_up_inky.check_up_inky_4
            5730              5730  check_up_inky.check_up_inky_5
            5748              5748  check_up_inky.check_up_inky_6
            5760              5760  check_up_inky.check_up_inky_7
            5778              5778  check_up_inky.check_up_inky_over
            5784              5784  check_down_inky
            5784              5784  check_down_inky.check_down_inky_0
            5799              5799  check_down_inky.check_down_inky_1
            57B1              57B1  check_down_inky.check_down_inky_2
            57C9              57C9  check_down_inky.check_down_inky_3
            57E1              57E1  check_down_inky.check_down_inky_4
            57F9              57F9  check_down_inky.check_down_inky_5
            5811              5811  check_down_inky.check_down_inky_6
            5829              5829  check_down_inky.check_down_inky_7
            5841              5841  check_down_inky.check_down_inky_over
            584D              584D  check_collision_ghost_Clyde
            5870              5870  check_right_clyde
            5870              5870  check_right_clyde.check_right_clyde_0
            5885              5885  check_right_clyde.check_right_clyde_1
            589D              589D  check_right_clyde.check_right_clyde_2
            58B5              58B5  check_right_clyde.check_right_clyde_3
            58CD              58CD  check_right_clyde.check_right_clyde_4
            58E5              58E5  check_right_clyde.check_right_clyde_5
            58FD              58FD  check_right_clyde.check_right_clyde_6
            5915              5915  check_right_clyde.check_right_clyde_7
            592D              592D  check_right_clyde.check_right_clyde_over
            5939              5939  check_left_clyde
            5939              5939  check_left_clyde.check_left_clyde_0
            594E              594E  check_left_clyde.check_left_clyde_1
            5966              5966  check_left_clyde.check_left_clyde_2
            597E              597E  check_left_clyde.check_left_clyde_3
            5996              5996  check_left_clyde.check_left_clyde_4
            59AE              59AE  check_left_clyde.check_left_clyde_5
            59C6              59C6  check_left_clyde.check_left_clyde_6
            59DE              59DE  check_left_clyde.check_left_clyde_7
            59F6              59F6  check_left_clyde.check_left_clyde_over
            5A02              5A02  check_up_clyde
            5A02              5A02  check_up_clyde.check_up_clyde_0
            5A17              5A17  check_up_clyde.check_up_clyde_1
            5A2F              5A2F  check_up_clyde.check_up_clyde_2
            5A47              5A47  check_up_clyde.check_up_clyde_3
            5A5F              5A5F  check_up_clyde.check_up_clyde_4
            5A77              5A77  check_up_clyde.check_up_clyde_5
            5A8F              5A8F  check_up_clyde.check_up_clyde_6
            5AA7              5AA7  check_up_clyde.check_up_clyde_7
            5ABF              5ABF  check_up_clyde.check_up_clyde_over
            5ACB              5ACB  check_down_clyde
            5ACB              5ACB  check_down_clyde.check_down_clyde_0
            5AE0              5AE0  check_down_clyde.check_down_clyde_1
            5AF8              5AF8  check_down_clyde.check_down_clyde_2
            5B10              5B10  check_down_clyde.check_down_clyde_3
            5B28              5B28  check_down_clyde.check_down_clyde_4
            5B40              5B40  check_down_clyde.check_down_clyde_5
            5B58              5B58  check_down_clyde.check_down_clyde_6
            5B70              5B70  check_down_clyde.check_down_clyde_7
            5B88              5B88  check_down_clyde.check_down_clyde_over
            5B94              5B94  check_collision_ghost_Pinky
            5BB7              5BB7  check_right_pinky
            5BB7              5BB7  check_right_pinky.check_right_pinky_0
            5BCC              5BCC  check_right_pinky.check_right_pinky_1
            5BE4              5BE4  check_right_pinky.check_right_pinky_2
            5BFC              5BFC  check_right_pinky.check_right_pinky_3
            5C14              5C14  check_right_pinky.check_right_pinky_4
            5C2C              5C2C  check_right_pinky.check_right_pinky_5
            5C44              5C44  check_right_pinky.check_right_pinky_6
            5C5C              5C5C  check_right_pinky.check_right_pinky_7
            5C74              5C74  check_right_pinky.check_right_pinky_over
            5C80              5C80  check_left_pinky
            5C80              5C80  check_left_pinky.check_left_pinky_0
            5C95              5C95  check_left_pinky.check_left_pinky_1
            5CAD              5CAD  check_left_pinky.check_left_pinky_2
            5CC5              5CC5  check_left_pinky.check_left_pinky_3
            5CDD              5CDD  check_left_pinky.check_left_pinky_4
            5CF5              5CF5  check_left_pinky.check_left_pinky_5
            5D0D              5D0D  check_left_pinky.check_left_pinky_6
            5D25              5D25  check_left_pinky.check_left_pinky_7
            5D3D              5D3D  check_left_pinky.check_left_pinky_over
            5D49              5D49  check_up_pinky
            5D49              5D49  check_up_pinky.check_up_pinky_0
            5D5E              5D5E  check_up_pinky.check_up_pinky_1
            5D76              5D76  check_up_pinky.check_up_pinky_2
            5D8E              5D8E  check_up_pinky.check_up_pinky_3
            5DA6              5DA6  check_up_pinky.check_up_pinky_4
            5DBE              5DBE  check_up_pinky.check_up_pinky_5
            5DD6              5DD6  check_up_pinky.check_up_pinky_6
            5DEE              5DEE  check_up_pinky.check_up_pinky_7
            5E06              5E06  check_up_pinky.check_up_pinky_over
            5E12              5E12  check_down_pinky
            5E12              5E12  check_down_pinky.check_down_pinky_0
            5E27              5E27  check_down_pinky.check_down_pinky_1
            5E3F              5E3F  check_down_pinky.check_down_pinky_2
            5E57              5E57  check_down_pinky.check_down_pinky_3
            5E6F              5E6F  check_down_pinky.check_down_pinky_4
            5E87              5E87  check_down_pinky.check_down_pinky_5
            5E9F              5E9F  check_down_pinky.check_down_pinky_6
            5EB7              5EB7  check_down_pinky.check_down_pinky_7
            5ECF              5ECF  check_down_pinky.check_down_pinky_over
            5EDB              5EDB  check_collision_Touch_Blinky
            5EE8              5EE8  check_right_touch_blinky
            5EE8              5EE8  check_right_touch_blinky.check_right_touch_blinky_0
            5EFD              5EFD  check_right_touch_blinky.check_right_touch_blinky_1
            5F15              5F15  check_right_touch_blinky.check_right_touch_blinky_2
            5F2D              5F2D  check_right_touch_blinky.check_right_touch_blinky_3
            5F45              5F45  check_right_touch_blinky.check_right_touch_blinky_4
            5F5D              5F5D  check_right_touch_blinky.check_right_touch_blinky_5
            5F75              5F75  check_right_touch_blinky.check_right_touch_blinky_6
            5F8D              5F8D  check_right_touch_blinky.check_right_touch_blinky_7
            5FA5              5FA5  check_right_touch_blinky.check_right_touch_blinky_over
            5FB1              5FB1  check_left_touch_blinky
            5FB1              5FB1  check_left_touch_blinky.check_left_touch_blinky_0
            5FC3              5FC3  check_left_touch_blinky.check_left_touch_blinky_1
            5FD8              5FD8  check_left_touch_blinky.check_left_touch_blinky_2
            5FED              5FED  check_left_touch_blinky.check_left_touch_blinky_3
            6002              6002  check_left_touch_blinky.check_left_touch_blinky_4
            6017              6017  check_left_touch_blinky.check_left_touch_blinky_5
            602C              602C  check_left_touch_blinky.check_left_touch_blinky_6
            6041              6041  check_left_touch_blinky.check_left_touch_blinky_7
            6056              6056  check_left_touch_blinky.check_left_touch_blinky_over
            6062              6062  check_up_touch_blinky
            6062              6062  check_up_touch_blinky.check_up_touch_blinky_0
            6074              6074  check_up_touch_blinky.check_up_touch_blinky_1
            6089              6089  check_up_touch_blinky.check_up_touch_blinky_2
            609E              609E  check_up_touch_blinky.check_up_touch_blinky_3
            60B3              60B3  check_up_touch_blinky.check_up_touch_blinky_4
            60C8              60C8  check_up_touch_blinky.check_up_touch_blinky_5
            60DD              60DD  check_up_touch_blinky.check_up_touch_blinky_6
            60F2              60F2  check_up_touch_blinky.check_up_touch_blinky_7
            6107              6107  check_up_touch_blinky.check_up_touch_blinky_over
            6113              6113  check_down_touch_blinky
            6113              6113  check_down_touch_blinky.check_down_touch_blinky_0
            6128              6128  check_down_touch_blinky.check_down_touch_blinky_1
            6140              6140  check_down_touch_blinky.check_down_touch_blinky_2
            6158              6158  check_down_touch_blinky.check_down_touch_blinky_3
            6170              6170  check_down_touch_blinky.check_down_touch_blinky_4
            6188              6188  check_down_touch_blinky.check_down_touch_blinky_5
            61A0              61A0  check_down_touch_blinky.check_down_touch_blinky_6
            61B8              61B8  check_down_touch_blinky.check_down_touch_blinky_7
            61D0              61D0  check_down_touch_blinky.check_down_touch_blinky_over
            61DC              61DC  check_collision_Touch_Inky
            61E9              61E9  check_right_touch_inky
            61E9              61E9  check_right_touch_inky.check_right_touch_inky_0
            61FE              61FE  check_right_touch_inky.check_right_touch_inky_1
            6216              6216  check_right_touch_inky.check_right_touch_inky_2
            622E              622E  check_right_touch_inky.check_right_touch_inky_3
            6246              6246  check_right_touch_inky.check_right_touch_inky_4
            625E              625E  check_right_touch_inky.check_right_touch_inky_5
            6276              6276  check_right_touch_inky.check_right_touch_inky_6
            628E              628E  check_right_touch_inky.check_right_touch_inky_7
            62A6              62A6  check_right_touch_inky.check_right_touch_inky_over
            62B2              62B2  check_left_touch_inky
            62B2              62B2  check_left_touch_inky.check_left_touch_inky_0
            62C4              62C4  check_left_touch_inky.check_left_touch_inky_1
            62D9              62D9  check_left_touch_inky.check_left_touch_inky_2
            62EE              62EE  check_left_touch_inky.check_left_touch_inky_3
            6303              6303  check_left_touch_inky.check_left_touch_inky_4
            6318              6318  check_left_touch_inky.check_left_touch_inky_5
            632D              632D  check_left_touch_inky.check_left_touch_inky_6
            6342              6342  check_left_touch_inky.check_left_touch_inky_7
            6357              6357  check_left_touch_inky.check_left_touch_inky_over
            6363              6363  check_up_touch_inky
            6363              6363  check_up_touch_inky.check_up_touch_inky_0
            6375              6375  check_up_touch_inky.check_up_touch_inky_1
            638A              638A  check_up_touch_inky.check_up_touch_inky_2
            639F              639F  check_up_touch_inky.check_up_touch_inky_3
            63B4              63B4  check_up_touch_inky.check_up_touch_inky_4
            63C9              63C9  check_up_touch_inky.check_up_touch_inky_5
            63DE              63DE  check_up_touch_inky.check_up_touch_inky_6
            63F3              63F3  check_up_touch_inky.check_up_touch_inky_7
            6408              6408  check_up_touch_inky.check_up_touch_inky_over
            6414              6414  check_down_touch_inky
            6414              6414  check_down_touch_inky.check_down_touch_inky_0
            6429              6429  check_down_touch_inky.check_down_touch_inky_1
            6441              6441  check_down_touch_inky.check_down_touch_inky_2
            6459              6459  check_down_touch_inky.check_down_touch_inky_3
            6471              6471  check_down_touch_inky.check_down_touch_inky_4
            6489              6489  check_down_touch_inky.check_down_touch_inky_5
            64A1              64A1  check_down_touch_inky.check_down_touch_inky_6
            64B9              64B9  check_down_touch_inky.check_down_touch_inky_7
            64D1              64D1  check_down_touch_inky.check_down_touch_inky_over
            64DD              64DD  check_collision_Touch_Clyde
            64EA              64EA  check_right_touch_clyde
            64EA              64EA  check_right_touch_clyde.check_right_touch_clyde_0
            64FF              64FF  check_right_touch_clyde.check_right_touch_clyde_1
            6517              6517  check_right_touch_clyde.check_right_touch_clyde_2
            652F              652F  check_right_touch_clyde.check_right_touch_clyde_3
            6547              6547  check_right_touch_clyde.check_right_touch_clyde_4
            655F              655F  check_right_touch_clyde.check_right_touch_clyde_5
            6577              6577  check_right_touch_clyde.check_right_touch_clyde_6
            658F              658F  check_right_touch_clyde.check_right_touch_clyde_7
            65A7              65A7  check_right_touch_clyde.check_right_touch_clyde_over
            65B3              65B3  check_left_touch_clyde
            65B3              65B3  check_left_touch_clyde.check_left_touch_clyde_0
            65C5              65C5  check_left_touch_clyde.check_left_touch_clyde_1
            65DA              65DA  check_left_touch_clyde.check_left_touch_clyde_2
            65EF              65EF  check_left_touch_clyde.check_left_touch_clyde_3
            6604              6604  check_left_touch_clyde.check_left_touch_clyde_4
            6619              6619  check_left_touch_clyde.check_left_touch_clyde_5
            662E              662E  check_left_touch_clyde.check_left_touch_clyde_6
            6643              6643  check_left_touch_clyde.check_left_touch_clyde_7
            6658              6658  check_left_touch_clyde.check_left_touch_clyde_over
            6664              6664  check_up_touch_clyde
            6664              6664  check_up_touch_clyde.check_up_touch_clyde_0
            6676              6676  check_up_touch_clyde.check_up_touch_clyde_1
            668B              668B  check_up_touch_clyde.check_up_touch_clyde_2
            66A0              66A0  check_up_touch_clyde.check_up_touch_clyde_3
            66B5              66B5  check_up_touch_clyde.check_up_touch_clyde_4
            66CA              66CA  check_up_touch_clyde.check_up_touch_clyde_5
            66DF              66DF  check_up_touch_clyde.check_up_touch_clyde_6
            66F4              66F4  check_up_touch_clyde.check_up_touch_clyde_7
            6709              6709  check_up_touch_clyde.check_up_touch_clyde_over
            6715              6715  check_down_touch_clyde
            6715              6715  check_down_touch_clyde.check_down_touch_clyde_0
            672A              672A  check_down_touch_clyde.check_down_touch_clyde_1
            6742              6742  check_down_touch_clyde.check_down_touch_clyde_2
            675A              675A  check_down_touch_clyde.check_down_touch_clyde_3
            6772              6772  check_down_touch_clyde.check_down_touch_clyde_4
            678A              678A  check_down_touch_clyde.check_down_touch_clyde_5
            67A2              67A2  check_down_touch_clyde.check_down_touch_clyde_6
            67BA              67BA  check_down_touch_clyde.check_down_touch_clyde_7
            67D2              67D2  check_down_touch_clyde.check_down_touch_clyde_over
            67DE              67DE  check_collision_Touch_Pinky
            67EB              67EB  check_right_touch_pinky
            67EB              67EB  check_right_touch_pinky.check_right_touch_pinky_0
            6800              6800  check_right_touch_pinky.check_right_touch_pinky_1
            6818              6818  check_right_touch_pinky.check_right_touch_pinky_2
            6830              6830  check_right_touch_pinky.check_right_touch_pinky_3
            6848              6848  check_right_touch_pinky.check_right_touch_pinky_4
            6860              6860  check_right_touch_pinky.check_right_touch_pinky_5
            6878              6878  check_right_touch_pinky.check_right_touch_pinky_6
            6890              6890  check_right_touch_pinky.check_right_touch_pinky_7
            68A8              68A8  check_right_touch_pinky.check_right_touch_pinky_over
            68B4              68B4  check_left_touch_pinky
            68B4              68B4  check_left_touch_pinky.check_left_touch_pinky_0
            68C6              68C6  check_left_touch_pinky.check_left_touch_pinky_1
            68DB              68DB  check_left_touch_pinky.check_left_touch_pinky_2
            68F0              68F0  check_left_touch_pinky.check_left_touch_pinky_3
            6905              6905  check_left_touch_pinky.check_left_touch_pinky_4
            691A              691A  check_left_touch_pinky.check_left_touch_pinky_5
            692F              692F  check_left_touch_pinky.check_left_touch_pinky_6
            6944              6944  check_left_touch_pinky.check_left_touch_pinky_7
            6959              6959  check_left_touch_pinky.check_left_touch_pinky_over
            6965              6965  check_up_touch_pinky
            6965              6965  check_up_touch_pinky.check_up_touch_pinky_0
            6977              6977  check_up_touch_pinky.check_up_touch_pinky_1
            698C              698C  check_up_touch_pinky.check_up_touch_pinky_2
            69A1              69A1  check_up_touch_pinky.check_up_touch_pinky_3
            69B6              69B6  check_up_touch_pinky.check_up_touch_pinky_4
            69CB              69CB  check_up_touch_pinky.check_up_touch_pinky_5
            69E0              69E0  check_up_touch_pinky.check_up_touch_pinky_6
            69F5              69F5  check_up_touch_pinky.check_up_touch_pinky_7
            6A0A              6A0A  check_up_touch_pinky.check_up_touch_pinky_over
            6A16              6A16  check_down_touch_pinky
            6A16              6A16  check_down_touch_pinky.check_down_touch_pinky_0
            6A2B              6A2B  check_down_touch_pinky.check_down_touch_pinky_1
            6A43              6A43  check_down_touch_pinky.check_down_touch_pinky_2
            6A5B              6A5B  check_down_touch_pinky.check_down_touch_pinky_3
            6A73              6A73  check_down_touch_pinky.check_down_touch_pinky_4
            6A8B              6A8B  check_down_touch_pinky.check_down_touch_pinky_5
            6AA3              6AA3  check_down_touch_pinky.check_down_touch_pinky_6
            6ABB              6ABB  check_down_touch_pinky.check_down_touch_pinky_7
            6AD3              6AD3  check_down_touch_pinky.check_down_touch_pinky_over
            6ADF              6ADF  tunnel_horizontal
            6AED              6AED  tunnel_horizontal.to_right
            6AF4              6AF4  tunnel_horizontal.to_left
            6AFB              6AFB  tunnel_horizontal_blinky
            6B09              6B09  tunnel_horizontal_blinky.to_right
            6B10              6B10  tunnel_horizontal_blinky.to_left
            6B17              6B17  tunnel_horizontal_inky
            6B25              6B25  tunnel_horizontal_inky.to_right
            6B2C              6B2C  tunnel_horizontal_inky.to_left
            6B33              6B33  tunnel_horizontal_clyde
            6B41              6B41  tunnel_horizontal_clyde.to_right
            6B48              6B48  tunnel_horizontal_clyde.to_left
            6B4F              6B4F  tunnel_horizontal_pinky
            6B5D              6B5D  tunnel_horizontal_pinky.to_right
            6B64              6B64  tunnel_horizontal_pinky.to_left

---- Section .bss -------------------------------------------------------------

Real              Virtual           Name
            6B6C              6B6C  keyPressed

