
- NASM Map file ---------------------------------------------------------------

Source file:  mainmenu.asm
Output file:  menu.com

-- Program origin -------------------------------------------------------------

00000100

-- Sections (summary) ---------------------------------------------------------

Vstart            Start             Stop              Length    Class     Name
             100               100              1D75  00001C75  progbits  .text
            1D78              1D78              4D4B  00002FD3  progbits  .data
            4D4C              4D4C              4D4D  00000001  nobits    .bss

-- Sections (detailed) --------------------------------------------------------

---- Section .text ------------------------------------------------------------

class:     progbits
length:                1C75
start:                  100
align:     not defined
follows:   not defined
vstart:                 100
valign:    not defined
vfollows:  not defined

---- Section .data ------------------------------------------------------------

class:     progbits
length:                2FD3
start:                 1D78
align:                    4
follows:   not defined
vstart:                1D78
valign:    not defined
vfollows:  not defined

---- Section .bss -------------------------------------------------------------

class:     nobits
length:                   1
start:                 4D4C
align:     not defined
follows:   not defined
vstart:                4D4C
valign:                   4
vfollows:  not defined

-- Symbols --------------------------------------------------------------------

---- Section .text ------------------------------------------------------------

Real              Virtual           Name
             100               100  main_menu
             106               106  initialize_part
             11A               11A  display_main_menu
             168               168  display_arrow_menu
             186               186  display_arrow_menu.execpt_back
             18B               18B  display_arrow_menu.execpt_front
             190               190  display_arrow_menu.set_arrow
             1A6               1A6  display_arrow_menu.display_arrow_wait
             1BA               1BA  display_arrow_menu.remove_arrow
             1CD               1CD  display_arrow_menu.add_arrow
             1D5               1D5  display_arrow_menu.sub_arrow
             1DD               1DD  display_arrow_menu.equal_arrow
             1F2               1F2  display_arrow_menu.wait_for_key
             207               207  print_string
             207               207  next_char
             210               210  end_string
             211               211  play_Choice
             214               214  start_game
             223               223  gameloop
             259               259  waitloop
             267               267  clearScreen
             277               277  clearSprite
             28C               28C  clearSprite.clear_line
             29C               29C  read_character_key_was_pressed
             2C8               2C8  read_character_key_was_pressed.update_keystroke
             2CE               2CE  pause
             2D9               2D9  pause.update_pause
             2DB               2DB  continue_movement
             2F2               2F2  move_right
             306               306  move_right.skip_move_right
             30B               30B  move_left
             31F               31F  move_left.skip_move_left
             324               324  move_up
             338               338  move_up.skip_move_up
             33D               33D  move_down
             351               351  move_down.skip_move_down
             356               356  pacman_Right
             36E               36E  pacman_Right.pacmanRightOpen
             379               379  pacman_Right.pacmanRightSemiOpen
             384               384  pacman_Right.pacmanRightClose
             38F               38F  pacman_Left
             3A7               3A7  pacman_Left.pacmanLeftOpen
             3B2               3B2  pacman_Left.pacmanLeftSemiOpen
             3BD               3BD  pacman_Left.pacmanLeftClose
             3C8               3C8  pacman_Up
             3E0               3E0  pacman_Up.pacmanUpOpen
             3EB               3EB  pacman_Up.pacmanUpSemiOpen
             3F6               3F6  pacman_Up.pacmanUpClose
             401               401  pacman_Down
             419               419  pacman_Down.pacmanDownOpen
             424               424  pacman_Down.pacmanDownSemiOpen
             42F               42F  pacman_Down.pacmanDownClose
             43A               43A  draw_sprite
             45F               45F  draw_sprite.draw_line
             46D               46D  drawWalls
             470               470  drawWalls.eachLine
             481               481  nextColumn
             492               492  nextRow
             4B2               4B2  Maze
             4B8               4B8  wallchoice
             60B               60B  drawEmpty
             614               614  DrawEXT_ANGLE_TL
             61D               61D  DrawEXT_ANGLE_TR
             626               626  DrawEXT_BORDER_STRAIT_UP
             62F               62F  DrawEXT_BORDER_STRAIT_DOWN
             638               638  DrawTRIANGLE_RIGHT
             641               641  DrawEXT_BORDER_SQUARE_TL
             64A               64A  DrawEXT_BORDER_SQUARE_TR
             653               653  DrawEXT_BORDER_CIRCLE_TL
             65C               65C  DrawEXT_BORDER_CIRCLE_TR
             665               665  DrawINT_GHOST_SPAWN_TL
             66E               66E  DrawINT_GHOST_SPAWN_MIDDLE_TOP
             677               677  DrawINT_GHOST_SPAWN_TR
             680               680  DrawEXT_ANGLE_BL
             689               689  DrawEXT_ANGLE_BR
             692               692  DrawEXT_BORDER_STRAIT_LEFT
             69B               69B  DrawEXT_BORDER_STRAIT_RIGHT
             6A4               6A4  DrawTRIANGLE_LEFT
             6AD               6AD  DrawEXT_BORDER_SQUARE_BL
             6B6               6B6  DrawEXT_BORDER_SQUARE_BR
             6BF               6BF  DrawEXT_BORDER_CIRCLE_BL
             6C8               6C8  DrawEXT_BORDER_CIRCLE_BR
             6D1               6D1  DrawINT_GHOST_SPAWN_BL
             6DA               6DA  DrawINT_GHOST_SPAWN_MIDDLE_DOWN
             6E3               6E3  DrawINT_GHOST_SPAWN_BR
             6EC               6EC  DrawINT_BIG_RECTANGLE_TL
             6F5               6F5  DrawINT_BIG_RECTANGLE_MIDDLE_TOP
             6FE               6FE  DrawINT_BIG_RECTANGLE_TR
             707               707  DrawINT_SLIM_HORI_LEFT
             710               710  DrawINT_SLIM_HORI_MIDDLE
             719               719  DrawINT_SLIM_HORI_RIGHT
             722               722  DrawINT_ANGLE_TL
             72B               72B  DrawINT_ANGLE_TR
             734               734  DrawINT_BIG_CORNER_TL
             73D               73D  DrawINT_BIG_CORNER_TR
             746               746  DrawINT_GHOST_OUT_LEFT
             74F               74F  DrawINT_GHOST_OUT_RIGHT
             758               758  DrawINT_BIG_RECTANGLE_BL
             761               761  DrawINT_BIG_RECTANGLE_MIDDLE_DOWN
             76A               76A  DrawINT_BIG_RECTANGLE_BR
             773               773  DrawINT_SLIM_VERTI_UP
             77C               77C  DrawINT_SLIM_VERTI_MIDDLE
             785               785  DrawINT_SLIM_VERTI_DOWN
             78E               78E  DrawINT_ANGLE_BL
             797               797  DrawINT_ANGLE_BR
             7A0               7A0  DrawINT_BIG_CORNER_BL
             7A9               7A9  DrawINT_BIG_CORNER_BR
             7B2               7B2  DrawINT_BIG_RECTANGLE_MIDDLE_LEFT
             7BB               7BB  DrawINT_BIG_RECTANGLE_MIDDLE_RIGHT
             7C4               7C4  DrawTRIANGLE_UP
             7CD               7CD  DrawINT_GHOST_SPAWN_STRAIT_LEFT
             7D6               7D6  DrawINT_GHOST_SPAWN_STRAIT_RIGHT
             7DF               7DF  DrawEXT_TRIANGLE_LEFT
             7E8               7E8  DrawEXT_TRIANGLE_RIGHT
             7F1               7F1  Draw_PELLET
             7FA               7FA  Draw_SUPER_PELLET
             803               803  direction_ghost
             80F               80F  clearGhostB
             824               824  clearGhostB.clear_line
             834               834  clearGhostI
             849               849  clearGhostI.clear_line
             859               859  clearGhostC
             86E               86E  clearGhostC.clear_line
             87E               87E  clearGhostP
             893               893  clearGhostP.clear_line
             8A3               8A3  continue_movementB
             8B7               8B7  move_rightB
             8BE               8BE  move_leftB
             8C5               8C5  move_upB
             8C9               8C9  move_downB
             8CD               8CD  blinky_right
             8E5               8E5  blinky_right.blinkyRightOpen
             8F0               8F0  blinky_right.blinkyRightSemiOpen
             8FB               8FB  blinky_right.blinkyRightClose
             906               906  blinky_left
             91E               91E  blinky_left.blinkyLeftOpen
             929               929  blinky_left.blinkyLeftSemiOpen
             934               934  blinky_left.blinkyLeftClose
             93F               93F  blinky_up
             957               957  blinky_up.blinkyUpOpen
             962               962  blinky_up.blinkyUpSemiOpen
             96D               96D  blinky_up.blinkyUpClose
             978               978  blinky_down
             990               990  blinky_down.blinkyDownOpen
             99B               99B  blinky_down.blinkyDownSemiOpen
             9A6               9A6  blinky_down.blinkyDownClose
             9B1               9B1  continue_movementI
             9C5               9C5  move_rightI
             9CC               9CC  move_leftI
             9D3               9D3  move_upI
             9D7               9D7  move_downI
             9DB               9DB  inky_right
             9F3               9F3  inky_right.inkyRightOpen
             9FE               9FE  inky_right.inkyRightSemiOpen
             A09               A09  inky_right.inkyRightClose
             A14               A14  inky_left
             A2C               A2C  inky_left.inkyLeftOpen
             A37               A37  inky_left.inkyLeftSemiOpen
             A42               A42  inky_left.inkyLeftClose
             A4D               A4D  inky_up
             A65               A65  inky_up.inkyUpOpen
             A70               A70  inky_up.inkyUpSemiOpen
             A7B               A7B  inky_up.inkyUpClose
             A86               A86  inky_down
             A9E               A9E  inky_down.inkyDownOpen
             AA9               AA9  inky_down.inkyDownSemiOpen
             AB4               AB4  inky_down.inkyDownClose
             ABF               ABF  continue_movementC
             AD3               AD3  move_rightC
             ADA               ADA  move_leftC
             AE1               AE1  move_upC
             AE5               AE5  move_downC
             AE9               AE9  clyde_right
             B01               B01  clyde_right.clydeRightOpen
             B0C               B0C  clyde_right.clydeRightSemiOpen
             B17               B17  clyde_right.clydeRightClose
             B22               B22  clyde_left
             B3A               B3A  clyde_left.clydeLeftOpen
             B45               B45  clyde_left.clydeLeftSemiOpen
             B50               B50  clyde_left.clydeLeftClose
             B5B               B5B  clyde_up
             B73               B73  clyde_up.clydeUpOpen
             B7E               B7E  clyde_up.clydeUpSemiOpen
             B89               B89  clyde_up.clydeUpClose
             B94               B94  clyde_down
             BAC               BAC  clyde_down.clydeDownOpen
             BB7               BB7  clyde_down.clydeDownSemiOpen
             BC2               BC2  clyde_down.clydeDownClose
             BCD               BCD  continue_movementP
             BE1               BE1  move_rightP
             BE8               BE8  move_leftP
             BEF               BEF  move_upP
             BF3               BF3  move_downP
             BF7               BF7  pinky_right
             C0F               C0F  pinky_right.pinkyRightOpen
             C1A               C1A  pinky_right.pinkyRightSemiOpen
             C25               C25  pinky_right.pinkyRightClose
             C30               C30  pinky_left
             C48               C48  pinky_left.pinkyLeftOpen
             C53               C53  pinky_left.pinkyLeftSemiOpen
             C5E               C5E  pinky_left.pinkyLeftClose
             C69               C69  pinky_up
             C81               C81  pinky_up.pinkyUpOpen
             C8C               C8C  pinky_up.pinkyUpSemiOpen
             C97               C97  pinky_up.pinkyUpClose
             CA2               CA2  pinky_down
             CBA               CBA  pinky_down.pinkyDownOpen
             CC5               CC5  pinky_down.pinkyDownSemiOpen
             CD0               CD0  pinky_down.pinkyDownClose
             CDB               CDB  draw_blinky
             D00               D00  draw_blinky.draw_line
             D0E               D0E  draw_inky
             D33               D33  draw_inky.draw_line
             D41               D41  draw_clyde
             D66               D66  draw_clyde.draw_line
             D74               D74  draw_pinky
             D99               D99  draw_pinky.draw_line
             DA7               DA7  check_detection_walls
             DC2               DC2  check_detection_walls.collision
             DC5               DC5  check_collision_pacman
             DE8               DE8  check_right_pac
             DE8               DE8  check_right_pac.check_right_pac_0
             DFB               DFB  check_right_pac.check_right_pac_1
             E11               E11  check_right_pac.check_right_pac_2
             E27               E27  check_right_pac.check_right_pac_3
             E3D               E3D  check_right_pac.check_right_pac_4
             E53               E53  check_right_pac.check_right_pac_5
             E69               E69  check_right_pac.check_right_pac_6
             E7F               E7F  check_right_pac.check_right_pac_7
             E95               E95  check_right_pac.check_right_pac_over
             EA1               EA1  return
             EA2               EA2  check_left_pac
             EA2               EA2  check_left_pac.check_left_pac_0
             EB5               EB5  check_left_pac.check_left_pac_1
             ECB               ECB  check_left_pac.check_left_pac_2
             EE1               EE1  check_left_pac.check_left_pac_3
             EF7               EF7  check_left_pac.check_left_pac_4
             F0D               F0D  check_left_pac.check_left_pac_5
             F23               F23  check_left_pac.check_left_pac_6
             F39               F39  check_left_pac.check_left_pac_7
             F4F               F4F  check_left_pac.check_left_pac_over
             F5B               F5B  check_up_pac
             F5B               F5B  check_up_pac.check_up_pac_0
             F6E               F6E  check_up_pac.check_up_pac_1
             F84               F84  check_up_pac.check_up_pac_2
             F9A               F9A  check_up_pac.check_up_pac_3
             FB0               FB0  check_up_pac.check_up_pac_4
             FC6               FC6  check_up_pac.check_up_pac_5
             FDC               FDC  check_up_pac.check_up_pac_6
             FF2               FF2  check_up_pac.check_up_pac_7
            1008              1008  check_up_pac.check_up_pac_over
            1014              1014  check_down_pac
            1014              1014  check_down_pac.check_down_pac_0
            1027              1027  check_down_pac.check_down_pac_1
            103D              103D  check_down_pac.check_down_pac_2
            1053              1053  check_down_pac.check_down_pac_3
            1069              1069  check_down_pac.check_down_pac_4
            107F              107F  check_down_pac.check_down_pac_5
            1095              1095  check_down_pac.check_down_pac_6
            10AB              10AB  check_down_pac.check_down_pac_7
            10C1              10C1  check_down_pac.check_down_pac_over
            10CD              10CD  check_collision_ghost_Blinky
            10F0              10F0  check_right_blinky
            10F0              10F0  check_right_blinky.check_right_blinky_0
            1103              1103  check_right_blinky.check_right_blinky_1
            1119              1119  check_right_blinky.check_right_blinky_2
            112F              112F  check_right_blinky.check_right_blinky_3
            1145              1145  check_right_blinky.check_right_blinky_4
            115B              115B  check_right_blinky.check_right_blinky_5
            1171              1171  check_right_blinky.check_right_blinky_6
            1187              1187  check_right_blinky.check_right_blinky_7
            119D              119D  check_right_blinky.check_right_blinky_over
            11A9              11A9  check_left_blinky
            11A9              11A9  check_left_blinky.check_left_blinky_0
            11BC              11BC  check_left_blinky.check_left_blinky_1
            11D2              11D2  check_left_blinky.check_left_blinky_2
            11E8              11E8  check_left_blinky.check_left_blinky_3
            11FE              11FE  check_left_blinky.check_left_blinky_4
            1214              1214  check_left_blinky.check_left_blinky_5
            122A              122A  check_left_blinky.check_left_blinky_6
            1240              1240  check_left_blinky.check_left_blinky_7
            1256              1256  check_left_blinky.check_left_blinky_over
            1262              1262  check_up_blinky
            1262              1262  check_up_blinky.check_up_blinky_0
            1275              1275  check_up_blinky.check_up_blinky_1
            128B              128B  check_up_blinky.check_up_blinky_2
            12A1              12A1  check_up_blinky.check_up_blinky_3
            12B7              12B7  check_up_blinky.check_up_blinky_4
            12CD              12CD  check_up_blinky.check_up_blinky_5
            12E3              12E3  check_up_blinky.check_up_blinky_6
            12F9              12F9  check_up_blinky.check_up_blinky_7
            130F              130F  check_up_blinky.check_up_blinky_over
            131B              131B  check_down_blinky
            131B              131B  check_down_blinky.check_down_blinky_0
            132E              132E  check_down_blinky.check_down_blinky_1
            1344              1344  check_down_blinky.check_down_blinky_2
            135A              135A  check_down_blinky.check_down_blinky_3
            1370              1370  check_down_blinky.check_down_blinky_4
            1386              1386  check_down_blinky.check_down_blinky_5
            139C              139C  check_down_blinky.check_down_blinky_6
            13B2              13B2  check_down_blinky.check_down_blinky_7
            13C8              13C8  check_down_blinky.check_down_blinky_over
            13D4              13D4  check_collision_ghost_Inky
            13F7              13F7  check_right_inky
            13F7              13F7  check_right_inky.check_right_inky_0
            140A              140A  check_right_inky.check_right_inky_1
            1420              1420  check_right_inky.check_right_inky_2
            1436              1436  check_right_inky.check_right_inky_3
            144C              144C  check_right_inky.check_right_inky_4
            1462              1462  check_right_inky.check_right_inky_5
            1478              1478  check_right_inky.check_right_inky_6
            148E              148E  check_right_inky.check_right_inky_7
            14A4              14A4  check_right_inky.check_right_inky_over
            14B0              14B0  check_left_inky
            14B0              14B0  check_left_inky.check_left_inky_0
            14C3              14C3  check_left_inky.check_left_inky_1
            14D9              14D9  check_left_inky.check_left_inky_2
            14EF              14EF  check_left_inky.check_left_inky_3
            1505              1505  check_left_inky.check_left_inky_4
            151B              151B  check_left_inky.check_left_inky_5
            1531              1531  check_left_inky.check_left_inky_6
            1547              1547  check_left_inky.check_left_inky_7
            155D              155D  check_left_inky.check_left_inky_over
            1569              1569  check_up_inky
            1569              1569  check_up_inky.check_up_inky_0
            157C              157C  check_up_inky.check_up_inky_1
            1592              1592  check_up_inky.check_up_inky_2
            15A8              15A8  check_up_inky.check_up_inky_3
            15BE              15BE  check_up_inky.check_up_inky_4
            15D4              15D4  check_up_inky.check_up_inky_5
            15EA              15EA  check_up_inky.check_up_inky_6
            1600              1600  check_up_inky.check_up_inky_7
            1616              1616  check_up_inky.check_up_inky_over
            1622              1622  check_down_inky
            1622              1622  check_down_inky.check_down_inky_0
            1635              1635  check_down_inky.check_down_inky_1
            164B              164B  check_down_inky.check_down_inky_2
            1661              1661  check_down_inky.check_down_inky_3
            1677              1677  check_down_inky.check_down_inky_4
            168D              168D  check_down_inky.check_down_inky_5
            16A3              16A3  check_down_inky.check_down_inky_6
            16B9              16B9  check_down_inky.check_down_inky_7
            16CF              16CF  check_down_inky.check_down_inky_over
            16DB              16DB  check_collision_ghost_Clyde
            16FE              16FE  check_right_clyde
            16FE              16FE  check_right_clyde.check_right_clyde_0
            1711              1711  check_right_clyde.check_right_clyde_1
            1727              1727  check_right_clyde.check_right_clyde_2
            173D              173D  check_right_clyde.check_right_clyde_3
            1753              1753  check_right_clyde.check_right_clyde_4
            1769              1769  check_right_clyde.check_right_clyde_5
            177F              177F  check_right_clyde.check_right_clyde_6
            1795              1795  check_right_clyde.check_right_clyde_7
            17AB              17AB  check_right_clyde.check_right_clyde_over
            17B7              17B7  check_left_clyde
            17B7              17B7  check_left_clyde.check_left_clyde_0
            17CA              17CA  check_left_clyde.check_left_clyde_1
            17E0              17E0  check_left_clyde.check_left_clyde_2
            17F6              17F6  check_left_clyde.check_left_clyde_3
            180C              180C  check_left_clyde.check_left_clyde_4
            1822              1822  check_left_clyde.check_left_clyde_5
            1838              1838  check_left_clyde.check_left_clyde_6
            184E              184E  check_left_clyde.check_left_clyde_7
            1864              1864  check_left_clyde.check_left_clyde_over
            1870              1870  check_up_clyde
            1870              1870  check_up_clyde.check_up_clyde_0
            1883              1883  check_up_clyde.check_up_clyde_1
            1899              1899  check_up_clyde.check_up_clyde_2
            18AF              18AF  check_up_clyde.check_up_clyde_3
            18C5              18C5  check_up_clyde.check_up_clyde_4
            18DB              18DB  check_up_clyde.check_up_clyde_5
            18F1              18F1  check_up_clyde.check_up_clyde_6
            1907              1907  check_up_clyde.check_up_clyde_7
            191D              191D  check_up_clyde.check_up_clyde_over
            1929              1929  check_down_clyde
            1929              1929  check_down_clyde.check_down_clyde_0
            193C              193C  check_down_clyde.check_down_clyde_1
            1952              1952  check_down_clyde.check_down_clyde_2
            1968              1968  check_down_clyde.check_down_clyde_3
            197E              197E  check_down_clyde.check_down_clyde_4
            1994              1994  check_down_clyde.check_down_clyde_5
            19AA              19AA  check_down_clyde.check_down_clyde_6
            19C0              19C0  check_down_clyde.check_down_clyde_7
            19D6              19D6  check_down_clyde.check_down_clyde_over
            19E2              19E2  check_collision_ghost_Pinky
            1A05              1A05  check_right_pinky
            1A05              1A05  check_right_pinky.check_right_pinky_0
            1A18              1A18  check_right_pinky.check_right_pinky_1
            1A2E              1A2E  check_right_pinky.check_right_pinky_2
            1A44              1A44  check_right_pinky.check_right_pinky_3
            1A5A              1A5A  check_right_pinky.check_right_pinky_4
            1A70              1A70  check_right_pinky.check_right_pinky_5
            1A86              1A86  check_right_pinky.check_right_pinky_6
            1A9C              1A9C  check_right_pinky.check_right_pinky_7
            1AB2              1AB2  check_right_pinky.check_right_pinky_over
            1ABE              1ABE  check_left_pinky
            1ABE              1ABE  check_left_pinky.check_left_pinky_0
            1AD1              1AD1  check_left_pinky.check_left_pinky_1
            1AE7              1AE7  check_left_pinky.check_left_pinky_2
            1AFD              1AFD  check_left_pinky.check_left_pinky_3
            1B13              1B13  check_left_pinky.check_left_pinky_4
            1B29              1B29  check_left_pinky.check_left_pinky_5
            1B3F              1B3F  check_left_pinky.check_left_pinky_6
            1B55              1B55  check_left_pinky.check_left_pinky_7
            1B6B              1B6B  check_left_pinky.check_left_pinky_over
            1B77              1B77  check_up_pinky
            1B77              1B77  check_up_pinky.check_up_pinky_0
            1B8A              1B8A  check_up_pinky.check_up_pinky_1
            1BA0              1BA0  check_up_pinky.check_up_pinky_2
            1BB6              1BB6  check_up_pinky.check_up_pinky_3
            1BCC              1BCC  check_up_pinky.check_up_pinky_4
            1BE2              1BE2  check_up_pinky.check_up_pinky_5
            1BF8              1BF8  check_up_pinky.check_up_pinky_6
            1C0E              1C0E  check_up_pinky.check_up_pinky_7
            1C24              1C24  check_up_pinky.check_up_pinky_over
            1C30              1C30  check_down_pinky
            1C30              1C30  check_down_pinky.check_down_pinky_0
            1C43              1C43  check_down_pinky.check_down_pinky_1
            1C59              1C59  check_down_pinky.check_down_pinky_2
            1C6F              1C6F  check_down_pinky.check_down_pinky_3
            1C85              1C85  check_down_pinky.check_down_pinky_4
            1C9B              1C9B  check_down_pinky.check_down_pinky_5
            1CB1              1CB1  check_down_pinky.check_down_pinky_6
            1CC7              1CC7  check_down_pinky.check_down_pinky_7
            1CDD              1CDD  check_down_pinky.check_down_pinky_over
            1CE9              1CE9  tunnel_horizontal
            1CF7              1CF7  tunnel_horizontal.to_right
            1CFE              1CFE  tunnel_horizontal.to_left
            1D05              1D05  tunnel_horizontal_blinky
            1D13              1D13  tunnel_horizontal_blinky.to_right
            1D1A              1D1A  tunnel_horizontal_blinky.to_left
            1D21              1D21  tunnel_horizontal_inky
            1D2F              1D2F  tunnel_horizontal_inky.to_right
            1D36              1D36  tunnel_horizontal_inky.to_left
            1D3D              1D3D  tunnel_horizontal_clyde
            1D4B              1D4B  tunnel_horizontal_clyde.to_right
            1D52              1D52  tunnel_horizontal_clyde.to_left
            1D59              1D59  tunnel_horizontal_pinky
            1D67              1D67  tunnel_horizontal_pinky.to_right
            1D6E              1D6E  tunnel_horizontal_pinky.to_left

---- Section .data ------------------------------------------------------------

Real              Virtual           Name
            1D78              1D78  mainWelcome
            1D8D              1D8D  playChoice
            1D94              1D94  settingsChoice
            1D9F              1D9F  exitChoice
            1DA6              1DA6  arrow
            1DAB              1DAB  delArrow
            1DB0              1DB0  mainSettings
            1DC7              1DC7  musicSetting
            1DCC              1DCC  musicDot
            1DEF              1DEF  soundSetting
            1DFB              1DFB  soundDot
            1E17              1E17  skinsSetting
            1E1C              1E1C  skinsDot
            1E3F              1E3F  keybindSetting
            1E4C              1E4C  backButton
            1E53              1E53  onOption
            1E58              1E58  offOption
            1E5E              1E5E  settings_menu
            1EDA              1EDA  setOnValue
            1EED              1EED  setOffValue
            1F00              1F00  editValue
            1F05              1F05  removeValue
            1F18              1F18  display_arrow_option
            1F40              1F40  display_arrow_option.execpt_back
            1F45              1F45  display_arrow_option.execpt_front
            1F4A              1F4A  display_arrow_option.set_arrow
            1F60              1F60  display_arrow_option.display_arrow_wait
            1F74              1F74  display_arrow_option.remove_arrow
            1F87              1F87  display_arrow_option.add_arrow
            1F8F              1F8F  display_arrow_option.sub_arrow
            1F97              1F97  display_arrow_option.equal_arrow
            1FAE              1FAE  display_arrow_option.wait_for_key
            1FC3              1FC3  exit_menu
            1FC9              1FC9  done
            1FD0              1FD0  blinky_up_1
            2010              2010  blinky_up_2
            2050              2050  blinky_up_3
            2090              2090  blinky_left_1
            20D0              20D0  blinky_left_2
            2110              2110  blinky_left_3
            2150              2150  blinky_right_1
            2190              2190  blinky_right_2
            21D0              21D0  blinky_right_3
            2210              2210  blinky_down_1
            2250              2250  blinky_down_2
            2290              2290  blinky_down_3
            22D0              22D0  inky_up_1
            2310              2310  inky_up_2
            2350              2350  inky_up_3
            2390              2390  inky_left_1
            23D0              23D0  inky_left_2
            2410              2410  inky_left_3
            2450              2450  inky_right_1
            2490              2490  inky_right_2
            24D0              24D0  inky_right_3
            2510              2510  inky_down_1
            2550              2550  inky_down_2
            2590              2590  inky_down_3
            25D0              25D0  clyde_up_1
            2610              2610  clyde_up_2
            2650              2650  clyde_up_3
            2690              2690  clyde_left_1
            26D0              26D0  clyde_left_2
            2710              2710  clyde_left_3
            2750              2750  clyde_right_1
            2790              2790  clyde_right_2
            27D0              27D0  clyde_right_3
            2810              2810  clyde_down_1
            2850              2850  clyde_down_2
            2890              2890  clyde_down_3
            28D0              28D0  pinky_up_1
            2910              2910  pinky_up_2
            2950              2950  pinky_up_3
            2990              2990  pinky_left_1
            29D0              29D0  pinky_left_2
            2A10              2A10  pinky_left_3
            2A50              2A50  pinky_right_1
            2A90              2A90  pinky_right_2
            2AD0              2AD0  pinky_right_3
            2B10              2B10  pinky_down_1
            2B50              2B50  pinky_down_2
            2B90              2B90  pinky_down_3
            2BD0              2BD0  transform_ghost_1
            2C10              2C10  transform_ghost_2
            2C50              2C50  transform_ghost_3
            2C90              2C90  transform_ghost_4
            2CD0              2CD0  eatable_up_1
            2D10              2D10  eatable_up_2
            2D50              2D50  eatable_left_1
            2D90              2D90  eatable_left_2
            2DD0              2DD0  eatable_right_1
            2E10              2E10  eatable_right_2
            2E50              2E50  eatable_down_1
            2E90              2E90  eatable_down_2
            2ED0              2ED0  pacman_right_1
            2F10              2F10  pacman_right_2
            2F50              2F50  pacman_right_3
            2F90              2F90  pacman_left_1
            2FD0              2FD0  pacman_left_2
            3010              3010  pacman_left_3
            3050              3050  pacman_down_1
            3090              3090  pacman_down_2
            30D0              30D0  pacman_down_3
            3110              3110  pacman_up_1
            3150              3150  pacman_up_2
            3190              3190  pacman_up_3
            31D0              31D0  power_pellet
            3210              3210  pellet
            3250              3250  cherry
            3290              3290  strawberry
            32D0              32D0  apple
            3310              3310  bell
            3350              3350  ship
            3390              3390  key
            33D0              33D0  kiwi
            3410              3410  watermelon
            3450              3450  banana
            3490              3490  ext_angle_tl
            34D0              34D0  ext_angle_bl
            3510              3510  ext_border_strait_left
            3550              3550  ext_border_strait_right
            3590              3590  ext_border_square_tl
            35D0              35D0  ext_border_square_bl
            3610              3610  ext_border_circle_tl
            3650              3650  ext_border_circle_bl
            3690              3690  int_ghost_spawn_tl
            36D0              36D0  int_ghost_spawn_bl
            3710              3710  ext_angle_tr
            3750              3750  ext_angle_br
            3790              3790  ext_border_strait_up
            37D0              37D0  ext_border_strait_down
            3810              3810  triangle_up
            3850              3850  ext_border_square_tr
            3890              3890  ext_border_square_br
            38D0              38D0  ext_border_circle_tr
            3910              3910  ext_border_circle_br
            3950              3950  int_ghost_spawn_tr
            3990              3990  int_ghost_spawn_br
            39D0              39D0  int_ghost_spawn_middle_top
            3A10              3A10  int_ghost_spawn_middle_down
            3A50              3A50  int_big_rectangle_tl
            3A90              3A90  int_big_rectangle_middle_left
            3AD0              3AD0  int_big_rectangle_bl
            3B10              3B10  int_slim_verti_up
            3B50              3B50  int_slim_verti_middle
            3B90              3B90  int_slim_verti_down
            3BD0              3BD0  int_angle_tl
            3C10              3C10  int_angle_bl
            3C50              3C50  triangle_left
            3C90              3C90  triangle_right
            3CD0              3CD0  int_ghost_out_left
            3D10              3D10  int_ghost_out_right
            3D50              3D50  int_big_rectangle_tr
            3D90              3D90  int_big_rectangle_middle_right
            3DD0              3DD0  int_big_rectangle_br
            3E10              3E10  int_slim_hori_left
            3E50              3E50  int_slim_hori_middle
            3E90              3E90  int_slim_hori_right
            3ED0              3ED0  int_angle_tr
            3F10              3F10  int_angle_br
            3F50              3F50  int_big_rectangle_middle_top
            3F90              3F90  int_big_rectangle_middle_down
            3FD0              3FD0  int_big_corner_br
            4010              4010  int_big_corner_bl
            4050              4050  int_big_corner_tl
            4090              4090  int_big_corner_tr
            40D0              40D0  int_ghost_spawn_strait_left
            4110              4110  int_ghost_spawn_strait_right
            4150              4150  ext_triangle_left
            4190              4190  ext_triangle_right
            41D0              41D0  empty
            4210              4210  number1
            4250              4250  number2
            4290              4290  number3
            42D0              42D0  number4
            4310              4310  number5
            4350              4350  number6
            4390              4390  number7
            43D0              43D0  number8
            4410              4410  number9
            4450              4450  number0
            4490              4490  alphabetA
            44D0              44D0  alphabetB
            4510              4510  alphabetC
            4550              4550  alphabetD
            4590              4590  alphabetE
            45D0              45D0  alphabetF
            4610              4610  alphabetG
            4650              4650  alphabetH
            4690              4690  alphabetI
            46D0              46D0  alphabetJ
            4710              4710  alphabetK
            4750              4750  alphabetL
            4790              4790  alphabetM
            47D0              47D0  alphabetN
            4810              4810  alphabetO
            4850              4850  alphabetP
            4890              4890  alphabetQ
            48D0              48D0  alphabetR
            4910              4910  alphabetS
            4950              4950  alphabetT
            4990              4990  alphabetU
            49D0              49D0  alphabetV
            4A10              4A10  alphabetW
            4A50              4A50  alphabetX
            4A90              4A90  alphabetY
            4AD0              4AD0  alphabetZ
            4B10              4B10  xPos
            4B12              4B12  xVelocity
            4B14              4B14  yPos
            4B16              4B16  old_XPOS
            4B18              4B18  old_YPOS
            4B1A              4B1A  currentSprite
            4B1E              4B1E  actualKeystroke
            4B20              4B20  waitingKeystroke
            4B22              4B22  framerate
            4B23              4B23  mazeSprite
            4D07              4D07  Column
            4D09              4D09  Row
            4D0B              4D0B  PixelPerTileRow
            4D0D              4D0D  xPosBlinky
            4D0F              4D0F  xPosInky
            4D11              4D11  xPosClyde
            4D13              4D13  xPosPinky
            4D15              4D15  yPosBlinky
            4D17              4D17  yPosInky
            4D19              4D19  yPosClyde
            4D1B              4D1B  yPosPinky
            4D1D              4D1D  xGVelocity
            4D1F              4D1F  spriteBw
            4D21              4D21  spriteBh
            4D23              4D23  old_XPOSBlinky
            4D25              4D25  old_XPOSInky
            4D27              4D27  old_XPOSClyde
            4D29              4D29  old_XPOSPinky
            4D2B              4D2B  old_YPOSBlinky
            4D2D              4D2D  old_YPOSInky
            4D2F              4D2F  old_YPOSClyde
            4D31              4D31  old_YPOSPinky
            4D33              4D33  currentSpriteBlinky
            4D37              4D37  currentSpriteInky
            4D3B              4D3B  currentSpriteClyde
            4D3F              4D3F  currentSpritePinky
            4D43              4D43  actualBDirection
            4D45              4D45  actualIDirection
            4D47              4D47  actualCDirection
            4D49              4D49  actualPDirection

---- Section .bss -------------------------------------------------------------

Real              Virtual           Name
            4D4C              4D4C  keyPressed

