
- NASM Map file ---------------------------------------------------------------

Source file:  start.asm
Output file:  start.com

-- Program origin -------------------------------------------------------------

00000100

-- Sections (summary) ---------------------------------------------------------

Vstart            Start             Stop              Length    Class     Name
             100               100               304  00000204  progbits  .text
             304               304               618  00000314  progbits  .data
             618               618               619  00000001  nobits    .bss

-- Sections (detailed) --------------------------------------------------------

---- Section .text ------------------------------------------------------------

class:     progbits
length:                 204
start:                  100
align:     not defined
follows:   not defined
vstart:                 100
valign:    not defined
vfollows:  not defined

---- Section .data ------------------------------------------------------------

class:     progbits
length:                 314
start:                  304
align:                    4
follows:   not defined
vstart:                 304
valign:    not defined
vfollows:  not defined

---- Section .bss -------------------------------------------------------------

class:     nobits
length:                   1
start:                  618
align:     not defined
follows:   not defined
vstart:                 618
valign:                   4
vfollows:  not defined

-- Symbols --------------------------------------------------------------------

---- Section .text ------------------------------------------------------------

Real              Virtual           Name
             100               100  start
             10A               10A  gameloop
             11B               11B  waitloop
             129               129  clearScreen
             137               137  read_character_key_was_pressed
             147               147  clearSprite
             155               155  clearSprite.eachLine
             162               162  move_right
             17C               17C  move_right.skip_move_right
             17D               17D  move_left
             196               196  move_left.skip_move_left
             197               197  move_up
             1B0               1B0  move_up.skip_move_up
             1B1               1B1  move_down
             1CB               1CB  move_down.skip_move_down
             1CC               1CC  continue_movement
             1E0               1E0  continue_movement.move_right
             1E4               1E4  continue_movement.move_left
             1E8               1E8  continue_movement.move_up
             1EC               1EC  continue_movement.move_down
             1F1               1F1  pacman_Right
             209               209  pacman_Right.pacmanRightOpen
             214               214  pacman_Right.pacmanRightSemiOpen
             21F               21F  pacman_Right.pacmanRightClose
             22A               22A  pacman_Left
             242               242  pacman_Left.pacmanLeftOpen
             24D               24D  pacman_Left.pacmanLeftSemiOpen
             258               258  pacman_Left.pacmanLeftClose
             263               263  pacman_Up
             27B               27B  pacman_Up.pacmanUpOpen
             286               286  pacman_Up.pacmanUpSemiOpen
             291               291  pacman_Up.pacmanUpClose
             29C               29C  pacman_Down
             2B4               2B4  pacman_Down.pacmanDownOpen
             2BF               2BF  pacman_Down.pacmanDownSemiOpen
             2CA               2CA  pacman_Down.pacmanDownClose
             2D5               2D5  draw_sprite
             2F6               2F6  draw_sprite.draw_line

---- Section .data ------------------------------------------------------------

Real              Virtual           Name
             304               304  xPos
             306               306  xVelocity
             308               308  yPos
             30A               30A  spritew
             30C               30C  spriteh
             30E               30E  old_XPOS
             310               310  old_YPOS
             312               312  currentSprite
             316               316  actualKeystroke
             318               318  pacman_right_1
             358               358  pacman_right_2
             398               398  pacman_right_3
             3D8               3D8  pacman_left_1
             418               418  pacman_left_2
             458               458  pacman_left_3
             498               498  pacman_down_1
             4D8               4D8  pacman_down_2
             518               518  pacman_down_3
             558               558  pacman_up_1
             598               598  pacman_up_2
             5D8               5D8  pacman_up_3

---- Section .bss -------------------------------------------------------------

Real              Virtual           Name
             618               618  keyPressed

